// Jest Snapshot v1, https://goo.gl/fbAQLP

exports[`<Starter /> should render correctly 1`] = `
<Starter>
  <div
    id="main"
  >
    <p>
      Hello from Starter.
    </p>
  </div>
</Starter>
`;
